// Jest Snapshot v1, https://goo.gl/fbAQLP

exports[`Post component Init component with some posts 1`] = `
<div
  className="PostListContainer"
>
  <button
    aria-label="delete"
    className="MuiButtonBase-root MuiIconButton-root MenuButton "
    disabled={false}
    onBlur={[Function]}
    onClick={[Function]}
    onDragLeave={[Function]}
    onFocus={[Function]}
    onKeyDown={[Function]}
    onKeyUp={[Function]}
    onMouseDown={[Function]}
    onMouseLeave={[Function]}
    onMouseUp={[Function]}
    onTouchEnd={[Function]}
    onTouchMove={[Function]}
    onTouchStart={[Function]}
    tabIndex={0}
    type="button"
  >
    <span
      className="MuiIconButton-label"
    >
      <svg
        aria-hidden={true}
        className="MuiSvgIcon-root MuiSvgIcon-fontSizeLarge"
        focusable="false"
        viewBox="0 0 24 24"
      >
        <path
          d="M3 18h18v-2H3v2zm0-5h18v-2H3v2zm0-7v2h18V6H3z"
        />
      </svg>
    </span>
  </button>
  <div
    className="PostListBody "
    onAnimationEnd={[Function]}
  >
    <div
      className="PostListOptions"
    >
      <div
        className="MuiInputBase-root Option PageSizeDropdown"
        onClick={[Function]}
        style={
          Object {
            "paddingLeft": "12px",
          }
        }
      >
        <div
          aria-haspopup="listbox"
          className="MuiSelect-root MuiSelect-select MuiSelect-selectMenu MuiInputBase-input"
          onBlur={[Function]}
          onFocus={[Function]}
          onKeyDown={[Function]}
          onMouseDown={[Function]}
          role="button"
          tabIndex={0}
        >
          25
        </div>
        <input
          aria-hidden={true}
          className="MuiSelect-nativeInput"
          onAnimationStart={[Function]}
          onChange={[Function]}
          placeholder="Page Size"
          tabIndex={-1}
          value={25}
        />
        <svg
          aria-hidden={true}
          className="MuiSvgIcon-root MuiSelect-icon"
          focusable="false"
          viewBox="0 0 24 24"
        >
          <path
            d="M7 10l5 5 5-5z"
          />
        </svg>
      </div>
      <button
        className="MuiButtonBase-root MuiButton-root MuiButton-contained Option ReloadButton"
        disabled={false}
        onBlur={[Function]}
        onClick={[Function]}
        onDragLeave={[Function]}
        onFocus={[Function]}
        onKeyDown={[Function]}
        onKeyUp={[Function]}
        onMouseDown={[Function]}
        onMouseLeave={[Function]}
        onMouseUp={[Function]}
        onTouchEnd={[Function]}
        onTouchMove={[Function]}
        onTouchStart={[Function]}
        tabIndex={0}
        type="button"
      >
        <span
          className="MuiButton-label"
        >
          Refresh
          <span
            className="MuiButton-endIcon MuiButton-iconSizeMedium"
          >
            <svg
              aria-hidden={true}
              className="MuiSvgIcon-root"
              focusable="false"
              viewBox="0 0 24 24"
            >
              <path
                d="M17.65 6.35C16.2 4.9 14.21 4 12 4c-4.42 0-7.99 3.58-7.99 8s3.57 8 7.99 8c3.73 0 6.84-2.55 7.73-6h-2.08c-.82 2.33-3.04 4-5.65 4-3.31 0-6-2.69-6-6s2.69-6 6-6c1.66 0 3.14.69 4.22 1.78L13 11h7V4l-2.35 2.35z"
              />
            </svg>
          </span>
        </span>
      </button>
      <button
        className="MuiButtonBase-root MuiButton-root MuiButton-contained Option DismissButton"
        disabled={false}
        onBlur={[Function]}
        onClick={[Function]}
        onDragLeave={[Function]}
        onFocus={[Function]}
        onKeyDown={[Function]}
        onKeyUp={[Function]}
        onMouseDown={[Function]}
        onMouseLeave={[Function]}
        onMouseUp={[Function]}
        onTouchEnd={[Function]}
        onTouchMove={[Function]}
        onTouchStart={[Function]}
        tabIndex={0}
        type="button"
      >
        <span
          className="MuiButton-label"
        >
          Dismiss All
          <span
            className="MuiButton-endIcon MuiButton-iconSizeMedium"
          >
            <svg
              aria-hidden={true}
              className="MuiSvgIcon-root"
              focusable="false"
              viewBox="0 0 24 24"
            >
              <path
                d="M5 13h14v-2H5v2zm-2 4h14v-2H3v2zM7 7v2h14V7H7z"
              />
            </svg>
          </span>
        </span>
      </button>
    </div>
    <div
      className="PostListInnerContainer"
      onScroll={[Function]}
      style={Object {}}
    >
      <div
        className="PostContainer "
        onAnimationEnd={[Function]}
        onClick={[Function]}
        style={Object {}}
      >
        <div
          className="Header"
        >
          <div
            className="Header-left"
          >
            <span
              aria-hidden={true}
              className="material-icons MuiIcon-root ReadIcon"
            >
              fiber_manual_record
            </span>
            <span
              className="Author"
              style={null}
            >
              author1
            </span>
          </div>
          <span
            className="CreatedAt"
          >
            4 days, 6 hours ago
          </span>
        </div>
        <div
          className="Body"
        >
          <img
            className="Thumbnail"
            height={100}
            src="/p1-thumb.jpg"
            width={100}
          />
          <span
            className="Title"
          >
            My new post 1
          </span>
        </div>
        <div
          className="Footer"
        >
          <button
            className="MuiButtonBase-root MuiButton-root MuiButton-contained MuiButton-containedSizeSmall MuiButton-sizeSmall"
            disabled={false}
            onBlur={[Function]}
            onClick={[Function]}
            onDragLeave={[Function]}
            onFocus={[Function]}
            onKeyDown={[Function]}
            onKeyUp={[Function]}
            onMouseDown={[Function]}
            onMouseLeave={[Function]}
            onMouseUp={[Function]}
            onTouchEnd={[Function]}
            onTouchMove={[Function]}
            onTouchStart={[Function]}
            style={
              Object {
                "fontSize": "12px",
                "paddingBottom": "1px",
                "paddingTop": "1px",
              }
            }
            tabIndex={0}
            type="button"
          >
            <span
              className="MuiButton-label"
            >
              <span
                className="MuiButton-startIcon MuiButton-iconSizeSmall"
              >
                <svg
                  aria-hidden={true}
                  className="MuiSvgIcon-root"
                  focusable="false"
                  viewBox="0 0 24 24"
                >
                  <path
                    d="M12 2C6.47 2 2 6.47 2 12s4.47 10 10 10 10-4.47 10-10S17.53 2 12 2zm0 18c-4.41 0-8-3.59-8-8s3.59-8 8-8 8 3.59 8 8-3.59 8-8 8zm3.59-13L12 10.59 8.41 7 7 8.41 10.59 12 7 15.59 8.41 17 12 13.41 15.59 17 17 15.59 13.41 12 17 8.41z"
                  />
                </svg>
              </span>
              Dismiss Post
            </span>
          </button>
          <span
            className="CommentsNum"
          >
            1,230 comment/s
          </span>
        </div>
      </div>
      <div
        className="PostContainer "
        onAnimationEnd={[Function]}
        onClick={[Function]}
        style={Object {}}
      >
        <div
          className="Header"
        >
          <div
            className="Header-left"
          >
            <span
              aria-hidden={true}
              className="material-icons MuiIcon-root ReadIcon"
            >
              fiber_manual_record
            </span>
            <span
              className="Author"
              style={null}
            >
              author1
            </span>
          </div>
          <span
            className="CreatedAt"
          >
            10 days ago
          </span>
        </div>
        <div
          className="Body"
        >
          <img
            className="Thumbnail"
            height={100}
            src="/p2-thumb.jpg"
            width={100}
          />
          <span
            className="Title"
          >
            My new post 2
          </span>
        </div>
        <div
          className="Footer"
        >
          <button
            className="MuiButtonBase-root MuiButton-root MuiButton-contained MuiButton-containedSizeSmall MuiButton-sizeSmall"
            disabled={false}
            onBlur={[Function]}
            onClick={[Function]}
            onDragLeave={[Function]}
            onFocus={[Function]}
            onKeyDown={[Function]}
            onKeyUp={[Function]}
            onMouseDown={[Function]}
            onMouseLeave={[Function]}
            onMouseUp={[Function]}
            onTouchEnd={[Function]}
            onTouchMove={[Function]}
            onTouchStart={[Function]}
            style={
              Object {
                "fontSize": "12px",
                "paddingBottom": "1px",
                "paddingTop": "1px",
              }
            }
            tabIndex={0}
            type="button"
          >
            <span
              className="MuiButton-label"
            >
              <span
                className="MuiButton-startIcon MuiButton-iconSizeSmall"
              >
                <svg
                  aria-hidden={true}
                  className="MuiSvgIcon-root"
                  focusable="false"
                  viewBox="0 0 24 24"
                >
                  <path
                    d="M12 2C6.47 2 2 6.47 2 12s4.47 10 10 10 10-4.47 10-10S17.53 2 12 2zm0 18c-4.41 0-8-3.59-8-8s3.59-8 8-8 8 3.59 8 8-3.59 8-8 8zm3.59-13L12 10.59 8.41 7 7 8.41 10.59 12 7 15.59 8.41 17 12 13.41 15.59 17 17 15.59 13.41 12 17 8.41z"
                  />
                </svg>
              </span>
              Dismiss Post
            </span>
          </button>
          <span
            className="CommentsNum"
          >
            26 comment/s
          </span>
        </div>
      </div>
      <div
        className="PostContainer "
        onAnimationEnd={[Function]}
        onClick={[Function]}
        style={Object {}}
      >
        <div
          className="Header"
        >
          <div
            className="Header-left"
          >
            <span
              aria-hidden={true}
              className="material-icons MuiIcon-root ReadIcon"
            >
              fiber_manual_record
            </span>
            <span
              className="Author"
              style={null}
            >
              author2
            </span>
          </div>
          <span
            className="CreatedAt"
          >
            2 minutes ago
          </span>
        </div>
        <div
          className="Body"
        >
          <span
            className="Title"
          >
            My new post 3
          </span>
        </div>
        <div
          className="Footer"
        >
          <button
            className="MuiButtonBase-root MuiButton-root MuiButton-contained MuiButton-containedSizeSmall MuiButton-sizeSmall"
            disabled={false}
            onBlur={[Function]}
            onClick={[Function]}
            onDragLeave={[Function]}
            onFocus={[Function]}
            onKeyDown={[Function]}
            onKeyUp={[Function]}
            onMouseDown={[Function]}
            onMouseLeave={[Function]}
            onMouseUp={[Function]}
            onTouchEnd={[Function]}
            onTouchMove={[Function]}
            onTouchStart={[Function]}
            style={
              Object {
                "fontSize": "12px",
                "paddingBottom": "1px",
                "paddingTop": "1px",
              }
            }
            tabIndex={0}
            type="button"
          >
            <span
              className="MuiButton-label"
            >
              <span
                className="MuiButton-startIcon MuiButton-iconSizeSmall"
              >
                <svg
                  aria-hidden={true}
                  className="MuiSvgIcon-root"
                  focusable="false"
                  viewBox="0 0 24 24"
                >
                  <path
                    d="M12 2C6.47 2 2 6.47 2 12s4.47 10 10 10 10-4.47 10-10S17.53 2 12 2zm0 18c-4.41 0-8-3.59-8-8s3.59-8 8-8 8 3.59 8 8-3.59 8-8 8zm3.59-13L12 10.59 8.41 7 7 8.41 10.59 12 7 15.59 8.41 17 12 13.41 15.59 17 17 15.59 13.41 12 17 8.41z"
                  />
                </svg>
              </span>
              Dismiss Post
            </span>
          </button>
          <span
            className="CommentsNum"
          >
            900 comment/s
          </span>
        </div>
      </div>
    </div>
  </div>
</div>
`;
